// Jest Snapshot v1, https://goo.gl/fbAQLP

exports[`MenuCategory renders correctly 1`] = `
<h2
  class="sc-AxmLO ebklRv"
>
  mains
</h2>
`;
